{"level":"debug","message":"New database connection established","service":"sally-api","timestamp":"2026-05-08 16:37:03"}
{"level":"info","message":"Database connection verified","service":"sally-api","timestamp":"2026-05-08 16:37:03"}
{"environment":"development","level":"info","message":"Sally API running on port 3000","port":3000,"service":"sally-api","timestamp":"2026-05-08 16:37:03"}
{"email":"admin@sally.com","level":"info","message":"Admin logged in successfully","service":"sally-api","timestamp":"2026-05-08 16:37:05"}
{"email":"admin@sally.com","level":"warn","message":"Login attempt with wrong password","service":"sally-api","timestamp":"2026-05-08 16:37:06"}
{"level":"info","message":"SIGTERM received — shutting down gracefully","service":"sally-api","timestamp":"2026-05-08 16:37:19"}
{"level":"debug","message":"New database connection established","service":"sally-api","timestamp":"2026-05-09 00:17:54"}
{"level":"info","message":"Database connection verified","service":"sally-api","timestamp":"2026-05-09 00:17:54"}
{"environment":"development","level":"info","message":"Sally API running on port 3000","port":3000,"service":"sally-api","timestamp":"2026-05-09 00:17:54"}
{"level":"debug","message":"New database connection established","service":"sally-api","timestamp":"2026-05-09 00:38:50"}
{"email":"admin@sally.com","level":"info","message":"Admin logged in successfully","service":"sally-api","timestamp":"2026-05-09 00:38:51"}
{"level":"debug","message":"New database connection established","service":"sally-api","timestamp":"2026-05-09 00:40:42"}
{"email":"admin@sally.com","level":"warn","message":"Login attempt with wrong password","service":"sally-api","timestamp":"2026-05-09 00:40:43"}
{"level":"debug","message":"New database connection established","service":"sally-api","timestamp":"2026-05-09 00:53:10"}
{"email":"admin@sally.com","level":"info","message":"Admin logged in successfully","service":"sally-api","timestamp":"2026-05-09 00:53:10"}
{"email":"admin@sally.com","level":"info","message":"Admin logged in successfully","service":"sally-api","timestamp":"2026-05-09 00:53:11"}
{"email":"admin@sally.com","level":"info","message":"Admin logged in successfully","service":"sally-api","timestamp":"2026-05-09 00:53:13"}
{"email":"admin@sally.com","level":"info","message":"Admin logged in successfully","service":"sally-api","timestamp":"2026-05-09 00:53:15"}
{"email":"admin@sally.com","level":"info","message":"Admin logged in successfully","service":"sally-api","timestamp":"2026-05-09 00:53:17"}
{"level":"info","message":"SIGINT received — shutting down gracefully","service":"sally-api","timestamp":"2026-05-09 00:55:14"}
{"level":"debug","message":"New database connection established","service":"sally-api","timestamp":"2026-05-09 00:58:09"}
{"level":"info","message":"Database connection verified","service":"sally-api","timestamp":"2026-05-09 00:58:09"}
{"environment":"development","level":"info","message":"Sally API running on port 3000","port":3000,"service":"sally-api","timestamp":"2026-05-09 00:58:09"}
{"email":"admin@sally.com","level":"info","message":"Admin logged in successfully","service":"sally-api","timestamp":"2026-05-09 00:58:17"}
{"batchId":"88b6b619-d18d-48f1-9195-bcd6631b1824","level":"info","message":"Batch created","name":"May 2026 Shipment","service":"sally-api","timestamp":"2026-05-09 00:58:24"}
{"level":"info","message":"Product created","name":"Test Serum","productId":"0aeeb685-04da-4e6f-8eed-d12dc12365a3","service":"sally-api","timestamp":"2026-05-09 00:58:41","type":"preorder"}
{"level":"info","message":"Product created","name":"Air Fryer 4.5L","productId":"eda13186-30b7-4fd2-8a50-8afcf50a93ca","service":"sally-api","timestamp":"2026-05-09 00:58:42","type":"in_stock"}
{"level":"info","message":"Product archived","name":"Air Fryer 4.5L","productId":"eda13186-30b7-4fd2-8a50-8afcf50a93ca","service":"sally-api","timestamp":"2026-05-09 00:58:55"}
{"batchId":"88b6b619-d18d-48f1-9195-bcd6631b1824","deactivatedCount":1,"level":"info","message":"Batch closed — deactivated linked products","products":["Test Serum"],"service":"sally-api","timestamp":"2026-05-09 00:59:13"}
{"batchId":"88b6b619-d18d-48f1-9195-bcd6631b1824","level":"info","message":"Batch updated","service":"sally-api","timestamp":"2026-05-09 00:59:13"}
{"level":"info","message":"Product created","name":"Featured Product 1","productId":"ecb3792a-b914-413a-9c26-9823d7ca7baa","service":"sally-api","timestamp":"2026-05-09 00:59:24","type":"preorder"}
{"level":"info","message":"Product created","name":"Featured Product 2","productId":"98250f2b-59c2-4eb6-b332-3fbcb8fa1b72","service":"sally-api","timestamp":"2026-05-09 00:59:25","type":"preorder"}
{"level":"info","message":"Product created","name":"Featured Product 3","productId":"d3bbd507-5fa7-4835-bfff-a5f9d84f3cee","service":"sally-api","timestamp":"2026-05-09 00:59:25","type":"preorder"}
{"level":"info","message":"Product created","name":"Featured Product 4","productId":"b26afe3c-7a7b-4e60-81b9-4b2698821ff3","service":"sally-api","timestamp":"2026-05-09 00:59:25","type":"preorder"}
{"level":"info","message":"Product created","name":"Featured Product 5","productId":"6bb42bc1-d00b-4455-9cbb-b9d5d00768f6","service":"sally-api","timestamp":"2026-05-09 00:59:25","type":"preorder"}
{"level":"info","message":"Product created","name":"Featured Product 6","productId":"876cde2b-1ea9-448f-98c5-9bec729df0d5","service":"sally-api","timestamp":"2026-05-09 00:59:25","type":"preorder"}
